<div>
  <button aria-haspopup="dialog"
          aria-expanded="false"
          aria-controls="DIALOGID"
          ba-dialog-trigger>
    DIALOG TRIGGER
  </button>
  <div class="DIALOGCLASS"
       id="DIALOGID"
       role="dialog"
       aria-modal="true"
       ba-dialog
       aria-label="CUSTOM ATTRIBUTE">
    <div>
      <p>
        THE POPUP
      </p>
    </div>
  </div>
</div>
